[    0.000000] Initializing cgroup subsys cpuset
[    0.000000] Initializing cgroup subsys cpu
[    0.000000] Initializing cgroup subsys cpuacct
[    0.000000] Linux version 4.4.0-154-generic (buildd@lgw01-amd64-049) (gcc version 5.4.0 20160609 (Ubuntu 5.4.0-6ubuntu1~16.04.10) ) #181-Ubuntu SMP Tue Jun 25 05:29:03 UTC 2019 (Ubuntu 4.4.0-154.181-generic 44.179)
[    0.000000] Command line: BOOT_IMAGE=/boot/vmlinuz-4.4.0-154-generic root=LABEL=cloudimg-rootfs ro console=tty1 console=ttyS0
[    0.000000] KERNEL supported cpus:
[    0.000000]   Intel GenuineIntel
[    0.000000]   AMD AuthenticAMD
[    0.000000]   Centaur CentaurHauls
[    0.000000] x86/fpu: Legacy x87 FPU detected.
   0.00000] e820: BIOS-provided physical RAM map:
[    0.000000] BIOS-e820: [mem 0x0000000000000000-0x000000000009fbff] usable
[    0.000000] BIOS-e820: [mem 0x000000000009fc00-0x000000000009ffff] reserved
[    0.000000] BIOS-e820: [mem 0x00000000000f0000-0x00000000000fffff] reserved
[    0.000000] BIOS-e820: [mem 0x0000000000100000-0x000000003ffeffff] usable
[    0.000000] BIOS-e820: [mem 0x000000003fff0000-0x000000003fffffff] ACPI data
[    0.000000] BIOS-e820: [mem 0x00000000fec00000-0x00000000fec00fff] reserved
[    0.000000] BIOS-e820: [mem 0x00000000fee00000-0x00000000fee00fff] reserved
[    0.000000] BIOS-e820: [mem 0x00000000fffc0000-0x00000000ffffffff] reserved
[    0.000000] NX (Execute Disable) protection: active
[    0.000000] SMBIOS .5 present.
[    0.000000] Hypervisor deteted: KVM
[    0.000000] e820: last_pfn = 0x3fff0 max_arch_pfn = 0x400000000
[    0.000000] MTRR: Disabled
[    0.000000] x86/PAT: MTRRs disabled, skipping PAT initialization too.
[    0.000000] CPU MTRRs all blank - virtualized system.
[    0.000000] x86/PAT: Configuration [0-7]: WB  WT  UC- UC  WB  WT  UC- UC  
[    0.000000] found SMP MP-table at [mem 0x0009fff0-0x0009ffff] mapped at [ffff88000009ff0]
[    0.000000] Scanning 1 areas for low memory corruption
[   0.000000] RAMDISK: [mem 0x362fa000-0x37174fff]
[    0.000000] ACPI: Early table checksum verification disabled
[    0.000000] ACPI: RSDP 0x0000000000E0000 000024 (v02 VBOX  )
[    0.000000] ACPI: XSDT 0x000000003FFF0030 00003C (v01 VBOX   VBOXXSDT 00000001 ASL  00000061)
[    0.000000] ACPI: FACP 0x000000003FFF00F0 0000F4 (v04 VBOX   VBOXFACP 00000001 ASL  00000061)
[    0.000000] ACPI: DSDT 0x000000003FFF0470 0021FF (v02 VBOX   VBOXBIOS 00000002 INTL 20180105)
[    0.000000] ACPI: FACS 0x000000003FFF0200 000040
[    0.000000] ACPI: FACS 0x000000003FFF0200 000040
[    0.000000] ACPI: APIC 0x000000003FFF0240 00005C (v02 VBOX   VBOXAPIC 00000001 ASL  00000061)
[    0.000000] ACPI: SSDT 0x000000003FFF02A0 0001CC (v01 VBOX   VBOXCPUT 00000002 INTL 20180105)
[    0.000000] No NUMA configuration found
[    0.000000] Faking a node at [mem 0x0000000000000000-0x000000003ffeffff]
[    0.000000] NODE_DATA(0) allocated [mem 0x3ffeb000-0x3ffeffff
[    0.000000] kvm-clock: Using msrs 4b564d01 and 4b564d00
[    0.000000] kvm-clock: cpu 0, msr 0:3ffe3001, primary cpu clock
[    0.000000] kvm-clock: using sched offset of 5596556717 cycles
[    0.000000] clocksource: kvm-clock: mask: 0xffffffffffffffff max_cycles: 0x1cd42e4dffb, max_idle_ns: 881590591483 ns
[    0.000000] Zone ranges:
[    0.000000]   DMA      [mem 0x0000000000001000-0x0000000000ffffff]
[    0000000]   DMA32    [mem 0x0000000001000000-0x000000003ffeffff]
[    0.000000]   Normal   empty
    0.000000]   Device   empty
[    0.000000] Movable zone start for each node
[    0.000000] Early memory node ranges
[    0.000000]   node   0: [mem 0x0000000000001000-0x000000000009efff]
[    0.000000]   node   0: [mem 0x0000000000100000-0x000000003ffeffff]
[    0.000000] Initmem setup node 0 [mem 0x0000000000001000-0x000000003ffeffff]
[    0.000000] ACPI: PM-Timer IO Port: 0x4008
[    0.000000] IOAPIC[0]: apic_id 2, version 32, address 0xfec00000, GSI 0-23
[    0.000000] ACPI: INT_SRC_OVR (bus 0 bus_irq 0 global_irq 2 dfl dfl)
[    0.000000] ACPI: INT_SRC_OVR (bus 0 bus_irq 9 global_irq 9 low level)
[    0.000000] sing ACPI (MADT) for SMP configuration information
[    0.000000] smpboot: Allowing 2 CPUs, 0 hotplug CPUs
[    .000000] PM: Registered nosave memory: [mem 0x00000000-0x00000fff]
[    0.000000] PM: Registered nosave memory: [mem 0x0009f000-0x0009ffff]
[    0.000000] PM: Registered nosave memory: [mem 0x000a0000-0x000effff]
[    0.000000] PM: Registered nosave memory: [mem 0x000f0000-0x000fffff]
[    0.000000] e820: [mem 0x40000000-0xfebfffff] available for PCI devices
[    0.000000] Booting paravirtualized kernel on KVM
[    0.000000] clocksource: refined-jiffies: mask: 0xffffffff max_cycles: 0xffffffff, max_idle__ns: 645519600211568 ns
[    0.000000] setup_percpu: NR_CPUS:512 r_cpumask_bits:512 nr_cpu_ids:2 nr_node_ids:1
[    0.000000] PERCPU: Embedded 34 pages/cpu @ffff88003fc00000 s99480 r8192 dd31592 u148576
[    0.000000] Built 1 zonelists in Node order, mobility grouping on.  Total pages: 257912
[    0.000000] Policy zone: DMA32
[    0.000000] Kernel command line: BOOT_IMAGE=/boot/vmlinuz-4.4.0-154-generic root=LABEL=cloudimg-rootfs ro console=tty1 console=ttyS0
[    0.000000] PID hash table entries: 4096 (order: 3, 32768 bytes)
[    0.000000] Memory: 997732K/1048120K available (8613K kernel code, 1335K rwdata, 4028K rodata, 1484K init, 1284K bss, 50388K resrved, 0K cma-reserved)
[    0.000000] SLUB: HWalign=64, Order=0-, MinObjects=0, CPUs=2, Nodes=1
[    0.000000] Kernel/User page tables isolation: enabled
[    0.000000] Hierarchical RCU implementation.
[    0.000000] 	Build-time adjustment of leaf fanout to 64.
[    0.000000] 	RCU restricting CPUs from NR_CPUS=512 to nr_cpu_ids=2.
[    0.000000] RCU: Adjusting geometry for rcu_fanout_leaf=64, nr_cpu_ids=2
[    0.000000] NR_IRQS:33024 nr_irqs:440 16
[    0.000000] Console: colour VGA+ 80x25
[    0.000000] console [tty1] enabled
[    0.000000] console [ttyS0] enabled
[    0.000000] tsc: Detected 2992.498 MHz processor
[    1.003791] Calibrating delay loop (skipped) preset value.. 5984.99 BogoMIPS (lpj=11969992)
[    1.034644] pid_max: default: 32768 minimum: 301
[    1.036177] ACPI: Core revision 20150930
[    1.038850] ACPI: 2 ACPI AML tables successfully acquired and loaded
[    1.041059] Security Framework initialized
[    1.102256] Yama: becoming mindful.
[    1.165328] AppArmor: AppArmor initialized
[    1.204526] Dentry cache hash table entries: 131072 (order: 8, 1048576 bytes)
[    1.302889] Inode-cache hash table entries: 65536 (order: 7, 524288 bytes)
[    1.305285] Mount-cache hash table entries: 2048 (order: 2, 16384 bytes)
[    1.307252] Mountpoint-cache hash table entries: 2048 (order: 2, 16384 bytes)
[    1.310212] Initializing cgroup subsys io
[    1.311611] Initializing cgroup subsys memory
[    1.313104] Initializing cgroup subsys devices
[    1.314620] Initializing cgroup subsys freezer
[    1.316105] Initializing cgroup subsys net_cls
[    1.317612] Initializing cgroup subsys perf_event
[    1.319151] Initializing cgroup subsys net_prio
[    1.320660] Initializing cgroup subsys hugetlb
[    1.334039] Initializing cgroup subsys pids
[    1.369405] mce: CPU supports 0 MCE banks
[    1.370893] Last level iTLB entries: 4KB 128, 2MB 4, 4MB 4
[    1.454482] Last level dTLB entries: 4KB 256, 2MB 0, 4MB 32, 1GB 0
[    1.456346] Spectre V2 : Mitigation: Full generic retpoline
[    1.458091] Spectre V2 : Spectre v2 / SpectreRSB mitigation: Filling RSB on context switch
[    1.460854] Speculative Store Bypass: Vulnerable
[    1.487850] MDS: Vulnerable: Clear CPU buffers attempted, no microcode
[    1.493406] Freeing SMP alternatives memory: 36K
[    1.502703] ftrace: allocating 32299 entries in 127 pages
[    1.574097] smpboot: APIC(0) Converting physical 0 to logical package 0
[    1.680626] smpboot: Max logical packages: 1
[    1.750883] x2apic enabled
[    1.752537] Switched APIC routing to physical x2apic.
[    1.756554] ..TIMER: vector=0x30 apic1=0 pin1=2 apic2=-1 pin2=-1
[    1.865095] smpboot: CPU0: Intel(R) Core(TM)2 Duo CPU     E8400  @ 3.00GHz (family: 0x6, model: 0x17, stepping: 0xa)
[    1.868728] Performance Events: unsupported p6 CPU model 23 no PMU driver, software events only.
[    2.043723] KVM setup paravirtual spinlock
[    2.046853] x86: Booting SMP configuration:
[    2.048290] .... node  #0, CPUs:      #1
[    2.054040] kvm-clock: cpu 1, msr 0:3ffe3041, secondary cpu clock
[    2.066274] mce: CPU supports 0 MCE banks
[    2.069722] x86: Booted up 1 node, 2 CPUs
[    2.076947] smpboot: Total of 2 processors activated (11969.99 BogoMIPS)
[    2.079521] devtmpfs: initialized
[    2.083590] evm: security.selinux
[    2.084893] evm: security.SMACK64
[    2.086135] evm: security.SMACK64EXEC
[    2.087530] evm: security.SMACK64TRANSMUTE
[    2.088949] evm: security.SMACK64MMAP
[    2.090268] evm: security.ima
[    2.091448] evm: security.capability
[    2.092970] clocksource: jiffies: mask: 0xffffffff max_cycles: 0xffffffff, max_idle_ns: 7645041785100000 ns
[    2.097521] futex hash table entries: 512 (order: 3, 32768 bytes)
[    2.099559] pinctrl core: initialized pinctrl subsystem
[    2.101400] RTC time: 17:11:01, date: 08/08/19
[    2.103300] NET: Registered protocol family 16
[    2.113374] cpuidle: using governor ladder
[    2.125484] cpuidle: using governor menu
[    2.126922] PCCT header not found.
[    2.128239] ACPI: bus type PCI registered
[    2.129656] acpiphp: ACPI Hot Plug PCI Controller Driver version: 0.5
[    2.136844] PCI: Using configuration type 1 for base access
[    2.150266] ACPI: Added _OSI(Module Device)
[    2.151695] ACPI: Added _OSI(Processor Device)
[    2.153180] ACPI: Added _OSI(3.0 _SCP Extensions)
[    2.154744] ACPI: Added _OSI(Processor Aggregator Device)
[    2.157258] ACPI: Executed 1 blocks of module-level executable AML code
[    2.186125] ACPI: Interpreter enabled
[    2.222093] ACPI: (supports S0 S5)
[    2.270550] ACPI: Using IOAPIC for interrupt routing
[    2.272372] PCI: Using host bridge windows from ACPI; if necessary, use "pci=nocrs" and report a bug
[    2.279927] ACPI: PCI Root Bridge [PCI0] (domain 0000 [bus 00-ff])
[    2.281799] acpi PNP0A03:00: _OSC: OS supports [ASPM ClockPM Segments MSI]
[    2.339849] acpi PNP0A03:00: _OSC: not requesting OS control; OS requires [ExtendedConfig ASPM ClockPM MSI]
[    2.466800] acpi PNP0A03:00: fail to add MMCONFIG information, can't access extended PCI configuration space under this bridge.
[    2.489947] PCI host bridge to bus 0000:00
[    2.513681] pci_bus 0000:00: root bus resource [io  0x0000-0x0cf7 window]
[    2.560066] pci_bus 0000:00: root bus resource [io  0x0d00-0xffff window]
[    2.587966] pci_bus 0000:00: root bus resource [mem 0x000a0000-0x000bffff window]
[    2.590575] pci_bus 0000:00: root bus resource [mem 0x40000000-0xfdffffff window]
[    2.595202] pci_bus 0000:00: root bus resource [bus 00-ff]
[    2.651258] pci 0000:00:01.1: legacy IDE quirk: reg 0x10: [io  0x01f0-0x01f7]
[    2.743249] pci 0000:00:01.1: legacy IDE quirk: reg 0x14: [io  0x03f6]
[    2.835419] pci 0000:00:01.1: legacy IDE quirk: reg 0x18: [io  0x0170-0x0177]
[    2.837484] pci 0000:00:01.1: legacy IDE quirk: reg 0x1c: [io  0x0376]
[    2.898122] pci 0000:00:07.0: quirk: [io  0x4000-0x403f] claimed by PIIX4 ACPI
[    2.904132] pci 0000:00:07.0: quirk: [io  0x4100-0x410f] claimed by PIIX4 SMB
[    2.914421] ACPI: PCI Interrupt Link [LNKA] (IRQs 5 9 10 *11)
[    2.919715] ACPI: PCI Interrupt Link [LNKB] (IRQs 5 9 *10 11)
[    2.922278] ACPI: PCI Interrupt Link [LNKC] (IRQs 5 *9 10 11)
[    2.929219] ACPI: PCI Interrupt Link [LNKD] (IRQs 5 9 10 *11)
[    2.931743] ACPI: Enabled 2 GPEs in block 00 to 07
[    2.956612] vgaarb: setting as boot device: PCI:0000:00:02.0
[    2.958374] vgaarb: device added: PCI:0000:00:02.0,decodes=io+mem,owns=io+mem,locks=none
[    2.961188] vgaarb: loaded
[    2.962332] vgaarb: bridge control possible 0000:00:02.0
[    2.964650] SCSI subsystem initialized
[    2.966466] ACPI: bus type USB registered
[    2.967913] usbcore: registered new interface driver usbfs
[    2.969667] usbcore: registered new interface driver hub
[    2.976521] usbcore: registered new device driver usb
[    2.979711] PCI: Using ACPI for IRQ routing
[    2.981923] NetLabel: Initializing
[    2.985568] NetLabel:  domain hash size = 128
[    2.987049] NetLabel:  protocols = UNLABELED CIPSOv4
[    2.988687] NetLabel:  unlabeled traffic allowed by default
[    2.990822] amd_nb: Cannot enumerate AMD northbridges
[    3.014037] clocksource: Switched to clocksource kvm-clock
[   3.087166] AppArmor: AppArmor Filesystem Enabled
[    3.126754] pnp: PnP ACPI init
[    3.129008] pnp: PnP ACPI: found 3 devices

[    3.142135] clocksource: acpi_pm: mask: 0xffffff max_cycles: 0xffffff, max_idle_ns: 2085701024 ns
[    3.145136] NET: Registered protocol family 2
[    3.147155] TCP established hash table entries: 8192 (order: 4, 65536 bytes)
[    3.149264] TCP bind hash table entries: 8192 (order: 5, 131072 bytes)
[    3.156572] TCP: Hash tables configured (established 8192 bind 8192)
[    3.158648] UDP hash table entries: 512 (order: 2, 16384 bytes)
[    3.160657] UDP-Lite hash table entries: 512 (order: 2, 16384 bytes)
[    3.162733] NET: Registered protocol family 1
[    3.164327] pci 0000:00:00.0: Limiting direct PCI/PCI transfers
[    3.166249] pci 0000:00:01.0: Activating ISA DMA hang workarounds
[    3.168467] Unpacking initramfs...
[    3.434341] Freeing initrd memory: 14828K
[    3.441571] clocksource: tsc: mask: 0xffffffffffffffff max_cycles: 0x2b2296bc2b9, max_idle_ns: 440795321505 ns
[    3.444990] platform rtc_cmos: registered platform RTC device (no PNP device found)
[    3.448983] Scanning for low memory corruption every 60 seconds
[    3.451422] audit: initializing netlink subsys (disabled)
[    3.453246] audit: type=2000 audit(1565284267.918:1): initialized
[    3.455641] Initialise system trusted keyring
[    3.457425] HugeTLB registered 2 MB page size, pre-allocated 0 pages
[    3.490667] zbud: loaded
[    3.492248] VFS: Disk quotas dquot_6.6.0
[    3.493754] VFS: Dquot-cache hash table entries: 512 (order 0, 4096 bytes)
[    3.496265] squashfs: version 4.0 (2009/01/31) Phillip Lougher
[    3.498628] fuse init (API version 7.23)
[    3.500348] Key type big_key registered
[    3.501849] Allocating IMA MOK and blacklist keyrings.
[    3.504919] Key type asymmetric registered
[    3.506433] Asymmetric key parser 'x509' registered
[    3.508143] Block layer SCSI generic (bsg) driver version 0.4 loaded (major 249)
[    3.580370] io scheduler noop registered
[    3.596389] io scheduler deadline registered (default)
[    3.695113] io scheduler cfq registered
[    3.765500] pci_hotplug: PCI Hot Plug PCI Core version: 0.5
[    3.832654] pciehp: PCI Express Hot Plug Controller Driver version: 0.4
[    3.834821] ACPI: AC Adapter [AC] (on-line)
[    3.836360] input: Power Button as /devices/LNXSYSTM:00/LNXPWRBN:00/input/input0
[    3.838980] ACPI: Power Button [PWRF]
[    3.840389] input: Sleep Button as /devices/LNXSYSTM:00/LNXSLPBN:00/input/input1
[    3.843060] ACPI: Sleep Button [SLPF]
[    3.844644] GHES: HEST is not enabled!
[    3.846231] Serial: 8250/16550 driver, 32 ports, IRQ sharing enabled
[    3.871034] 00:02: ttyS0 at I/O 0x3f8 (irq = 4, base_baud = 115200) is a 16550A
[    3.945561] Linux agpgart interface v0.103
[    3.950124] loop: module loaded
[    3.952385] scsi host0: ata_piix
[    3.953893] scsi host1: ata_piix
[    3.955363] ata1: PATA max UDMA/33 cmd 0x1f0 ctl 0x3f6 bmdma 0xd000 irq 14
[    3.957436] ata2: PATA max UDMA/33 cmd 0x170 ctl 0x376 bmdma 0xd008 irq 15
[    3.959669] libphy: Fixed MDIO Bus: probed
[    3.971663] tun: Universal TUN/TAP device driver, 1.6
[    3.973334] tun: (C) 1999-2004 Max Krasnyansky <maxk@qualcomm.com>
[    3.975316] PPP generic driver version 2.4.2
[    3.988191] ehci_hcd: USB 2.0 'Enhanced' Host Controller (EHCI) Driver
[    3.990221] ehci-pci: EHCI PCI platform driver
[    3.991836] ehci-platform: EHCI generic platform driver
[    3.993563] ohci_hcd: USB 1.1 'Open' Host Controller (OHCI) Driver
[    3.995538] ohci-pci: OHCI PCI platform driver
[    3.997097] ohci-platform: OHCI generic platform driver
[    4.005960] uhci_hcd: USB Universal Host Controller Interface driver
[    4.008049] i8042: PNP: PS/2 Controller [PNP0303:PS2K,PNP0f03:PS2M] at 0x60,0x64 irq 1,12
[    4.017854] serio: i8042 KBD port at 0x60,0x64 irq 1
[    4.019550] serio: i8042 AUX port at 0x60,0x64 irq 12
[    4.021377] mousedev: PS/2 mouse device common for all mice
[    4.024061] input: AT Translated Set 2 keyboard as /devices/platform/i8042/serio0/input/input2
[    4.027074] rtc_cmos rtc_cmos: rtc core: registered rtc_cmos as rtc0
[    4.029272] rtc_cmos rtc_cmos: alarms up to one day, 114 bytes nvram
[    4.031265] i2c /dev entries driver
[    4.032678] device-mapper: uevent: version 1.0.3
[    4.034365] device-mapper: ioctl: 4.34.0-ioctl (2015-10-28) initialised: dm-devel@redhat.com
[    4.057387] ledtrig-cpu: registered to indicate activity on CPUs
[    4.059944] NET: Registered protocol family 10
[    4.061934] NET: Registered protocol family 17
[    4.063529] Key type dns_resolver registered
[    4.065400] registered taskstats version 1
[    4.073923] Loading compiled-in X.509 certificates
[    4.456592] Loaded X.509 cert 'Build time autogenerated kernel key: 65139e04a67245b562a838c28b5e7032abdd4348'
[    4.477034] zswap: loaded using pool lzo/zbud
[    4.508498] Key type trusted registered
[    4.535741] Key type encrypted registered
[    4.555420] AppArmor: AppArmor sha1 policy hashing enabled
[    4.557305] ima: No TPM chip found, activating TPM-bypass!
[    4.559166] ima: Allocated hash algorithm: sha1
[    4.574894] evm: HMAC attrs: 0x1
[    4.576630]   Magic number: 15:33:188
[    4.578217] rtc_cmos rtc_cmos: setting system clock to 2019-08-08 17:11:04 UTC (1565284264)
[    4.581343] BIOS EDD facility v0.16 2004-Jun-25, 0 devices found
[    4.583295] EDD information not available.
[    4.611544] Freeing unused kernel memory: 1484K
[    4.626133] Write protecting the kernel read-only data: 14336k
[    4.641907] Freeing unused kernel memory: 1616K
[    4.643862] Freeing unused kernel memory: 68K
Loading, please wait...
starting version 229
[    4.842721] random: systemd-udevd: uninitialized urandom read (16 bytes read, 2 bits of entropy available)
[    4.849316] random: systemd-udevd: uninitialized urandom read (16 bytes read, 2 bits of entropy available)
[    4.853956] random: udevadm: uninitialized urandom read (16 bytes read, 2 bits of entropy available)
[    4.854072] random: udevadm: uninitialized urandom read (16 bytes read, 2 bits of entropy available)
[    4.864413] random: systemd-udevd: uninitialized urandom read (16 bytes read, 2 bits of entropy available)
[    4.869521] random: systemd-udevd: uninitialized urandom read (16 bytes read, 2 bits of entropy available)
[    4.904243] random: systemd-udevd: uninitialized urandom read (16 bytes read, 2 bits of entropy available)
[    4.909218] random: systemd-udevd: uninitialized urandom read (16 bytes read, 2 bits of entropy available)
[    4.914218] random: systemd-udevd: uninitialized urandom read (16 bytes read, 2 bits of entropy available)
[    4.925925] random: systemd-udevd: uninitialized urandom read (16 bytes read, 2 bits of entropy available)
[    5.218054] e1000: Intel(R) PRO/1000 Network Driver - version 7.3.21-k8-NAPI
[    5.231180] e1000: Copyright (c) 1999-2006 Intel Corporation.
[    5.241142] Fusion MPT base driver 3.04.20
[    5.243225] Copyright (c) 1999-2008 LSI Corporation
[    5.261504] Fusion MPT SPI Host driver 3.04.20
[    5.461898] input: ImExPS/2 Generic Explorer Mouse as /devices/platform/i8042/serio1/input/input4
[    5.785595] e1000 0000:00:03.0 eth0: (PCI:33MHz:32-bit) 02:1e:e5:6d:71:21
[    5.792981] e1000 0000:00:03.0 eth0: Intel(R) PRO/1000 Network Connection
[    5.796023] mptbase: ioc0: Initiating bringup
[    5.800507] e1000 0000:00:03.0 enp0s3: renamed from eth0
[    5.882635] ioc0: LSI53C1030 A0: Capabilities={Initiator}
[    6.048763] scsi host2: ioc0: LSI53C1030 A0, FwRev=00000000h, Ports=1, MaxQ=256, IRQ=20
[    6.166859] scsi 2:0:0:0: Direct-Access     VBOX     HARDDISK         1.0  PQ: 0 ANSI: 5
[    6.197625] scsi target2:0:0: Beginning Domain Validation
[    6.204613] scsi target2:0:0: Domain Validation skipping write tests
[    6.216375] scsi target2:0:0: Ending Domain Validation
[    6.218125] scsi target2:0:0: asynchronous
[    6.220437] scsi 2:0:1:0: Direct-Access     VBOX     HARDDISK         1.0  PQ: 0 ANSI: 5
[    6.246544] scsi target2:0:1: Beginning Domain Validation
[    6.250317] scsi target2:0:1: Domain Validation skipping write tests
[    6.252220] scsi target2:0:1: Ending Domain Validation
[    6.295588] scsi target2:0:1: asynchronous
[    6.306353] sd 2:0:0:0: Attached scsi generic sg0 type 0
[    6.316479] sd 2:0:0:0: [sda] 20971520 512-byte logical blocks: (10.7 GB/10.0 GiB)
[    6.319704] sd 2:0:0:0: [sda] Write Protect is off
[    6.321969] sd 2:0:0:0: [sda] Incomplete mode parameter data
[    6.326125] sd 2:0:0:0: [sda] Assuming drive cache: write through
[    6.326916] sd 2:0:1:0: [sdb] 20480 512-byte logical blocks: (10.5 MB/10.0 MiB)
[    6.327110] sd 2:0:1:0: [sdb] Write Protect is off
[    6.327242] sd 2:0:1:0: [sdb] Incomplete mode parameter data
[    6.327243] sd 2:0:1:0: [sdb] Assuming drive cache: write through
[    6.336613] sd 2:0:1:0: Attached scsi generic sg1 type 0
[    6.358677] sd 2:0:1:0: [sdb] Attached SCSI disk
[    6.393851]  sda: sda1
[    6.403242] sd 2:0:0:0: [sda] Attached SCSI disk
Begin: Loading essential drivers ... [    8.751711] md: linear personality registered for level -1
[    8.776142] md: multipath personality registered for level -4
[    8.802976] md: raid0 personality registered for level 0
[    8.833841] md: raid1 personality registered for level 1
[    8.934061] raid6: sse2x1   gen()  4873 MB/s
[    9.006109] raid6: sse2x1   xor()  4711 MB/s
[    9.074061] raid6: sse2x2   gen()  6514 MB/s
[    9.146081] raid6: sse2x2   xor()  6031 MB/s
[    9.229229] raid6: sse2x4   gen()  7071 MB/s
[    9.338059] raid6: sse2x4   xor()  6731 MB/s
[    9.339514] raid6: using algorithm sse2x4 gen() 7071 MB/s
[    9.387209] raid6: .... xor() 6731 MB/s, rmw enabled
[    9.388811] raid6: using ssse3x2 recovery algorithm
[    9.395098] xor: measuring software checksum speed
[    9.503693]    prefetch64-sse: 62360.000 MB/sec
[    9.595738]    generic_sse: 30027.000 MB/sec
[    9.605342] xor: using function: prefetch64-sse (62360.000 MB/sec)
[    9.610883] async_tx: api initialized (async)
[    9.660680] md: raid6 personality registered for level 6
[    9.679931] md: raid5 personality registered for level 5
[    9.681662] md: raid4 personality registered for level 4
[    9.735156] md: raid10 personality registered for level 10
done.
Begin: Running /scripts/init-premount ... done.
Begin: Mounting root file system ... Begin: Running /scripts/local-top ... done.
Begin: Running /scripts/local-premount ... [    9.954844] Btrfs loaded
Scanning for Btrfs filesystems
done.
Warning: fsck not present, so skipping root file system
[   10.197100] EXT4-fs (sda1): mounted filesystem with ordered data mode. Opts: (null)
done.
Begin: Running /scripts/local-bottom ... done.
Begin: Running /scripts/init-bottom ... done.
[   11.255739] systemd[1]: systemd 229 running in system mode. (+PAM +AUDIT +SELINUX +IMA +APPARMOR +SMACK +SYSVINIT +UTMP +LIBCRYPTSETUP +GCRYPT +GNUTLS +ACL +XZ -LZ4 +SECCOMP +BLKID +ELFUTILS +KMOD -IDN)
[   11.301145] systemd[1]: Detected virtualization oracle.
[   11.302830] systemd[1]: Detected architecture x86-64.

Welcome to [1mUbuntu 16.04.6 LTS[0m!

[   11.324391] systemd[1]: Set hostname to <ubuntu>.
[   11.369344] random: nonblocking pool is initialized
[   11.387228] sytemd[1]: Initializing machine ID from random generator.

[   11.477815] systemd[1]: Installed transient /etc/machine-id file.
[  12.591607] systemd[1]: Listening on Syslog Socket.
[[0;32m  OK  [0m] Listening on Syslog Socket.
[   12.625487] systemd[1]: Listening on Device-mapper event daemon FIFOs.
[[0;32m  OK  [0m] Listening on Device-mapper event daemon FIFOs.
[   12.629391 systemd[1]: Reached target Swap.
[[0;32m  OK  [0m] Reached target Swap.
[   12.662706] systemd[1]: Set up automount Arbitrary Executable File Formats File System Automount Point.
[[0;32m  OK  [0m] Set up automount Arbitrary Executab...ats File System Automount Point.
[   12.669371] systemd[1]: Created slice User and Sessi Slice.
[[0;32m  OK  [0m] Created slice User and Session Slice.
[   12.732379] systemd[1]: Started Trigger resolvconf update for networkd DNS.
[[0;32m  OK  [0m] Started Trigger resolvconf update for networkd DNS.
[   13.070359] systemd[1]: Started Forward Password Requests to Wall Directory Watch.
[[0;32m  OK  [0m] Started Forward Password Requests to Wall Directory Watch.
[   13.095254] systemd[1]: Listening on LVM2 metadata daemon socket.
[[0;32m  OK  [0m] Listening on LVM2 metadata daemon socket.
[   13.099281] systemd[1]: Listening on Journal Socket (/dev/log).
[[0;32m  OK  [0m] Listening on Journal Socket (/dev/log).
[   13.450388] systemd[1]: Reached target System Time Synchronized.
[[0;32m  OK  [0m] Reached target System Time Synchronized.
[   13.454306] systemd[1]: Listening on udev Control Socket.
[[0;32m  OK  [0m] Listening on udev Control Socket.
[   13.458071] systemd[1]: Listening on Journal Socket.
[[0;32m  OK  [0m] Listening on Journal Socket.
[   14.074232] systemd[1]: Created slice System Slice.
[[0;32m  OK  [0m] Created slice System Slice.
[   14.095407] systemd[1]: Starting Set console keymap...
         Starting Set console keymap...
[   14.105984] systemd[1]: Starting Create list of required static device nodes for the current kernel...
         Starting Create list of required st... nodes for the current kernel...
[   14.140109] systemd[1]: Mounting Debug File System...
         Mounting Debug File System...
[   14.181130] systemd[1]: Starting Uncomplicated firewall...
         Starting Uncomplicated firewall...
[   14.234952] systemd[1]: Mounting Huge Pages File System...
         Mounting Huge Pages File System...
[   14.261242] systemd[1]: Created slice system-serial\x2dgetty.slice.
[[0;32m  OK  [0m] Created slice system-serial\x2dgetty.slice.
[   14.315320] systemd[1]: Starting Load Kernel Modules...
         Starting Load Kernel Modules...
[   14.329353] systemd[1]: Starting Monitoring of LVM2 mirrors, snapshots etc. using dmeventd or progress polling...
         Starting Monitoring of LVM2 mirrors... dmeventd or progress polling...
[   14.360879] systemd[1]: Reached target Slices.
[[0;32m  OK  [0m] Reached target Slices.
[   14.419148] systemd[1]: Starting Nameserver information manager...
         Starting Nameserver information manager...
[   14.432360] systemd[1]: Listening on /dev/initctl Compatibility Named Pipe.
[[0;32m  OK  [0m] Listening on /dev/initctl Compatibility Named Pipe.
[   14.446825] Loading iSCSI transport class v2.0-870.
[   14.470531] systemd[1]: Mounting POSIX Message Queue File System...
         Mounting POSIX Message Queue File System...
[   14.511325] systemd[1]: Reached target Encrypted Volumes.
[[0;32m  OK  [0m] Reached target Encrypted Volumes.
[   14.517843] systemd[1]: Listening on LVM2 poll daemon socket.
[[0;32m  OK  [0m] Listening on LVM2 poll daemon socket.
[   14.524293] systemd[1]: Listening on Journal Audit Socket.
[[0;32m  OK  [0m] Listening on Journal Audit Socket.
[   14.530978] iscsi: registered transport (tcp)
[   14.559495] systemd[1]: Starting Journal Service...
         Starting Journal Service...
[   14.566677] systemd[1]: Listening on udev Kernel Socket.
[[0;32m  OK  [0m] Listening on udev Kernel Socket.
[   14.575443] systemd[1]: Reached target User and Group Name Lookups.
[[0;32m  OK  [0m] Reached target User and Group Name Lookups.
[   14.619411] systemd[1]: Starting Remount Root and Kernel File Systems...
         Starting Remount Root and Kernel File Systems...
[   14.699532] systemd[1]: Mounted POSIX Message Queue File System.
[[0;32m  OK  [0m] Mounted POSIX Message Queue File System.
[   14.735654] systemd[1]: Mounted Huge Pages File System.
[[0;32m  OK  [0m] Mounted Huge Pages File System.
[   14.770496] systemd[1]: Mounted Debug File System.
[[0;32m  OK  [0m] Mounted Debug File System.
[   14.788270] systemd[1]: Started Create list of required static device nodes for the current kernel.
[[0;32m  OK  [0m] Started Crea[   14.808042] EXT4-fs (sda1): re-mounted. Opts: (null)
te list of required sta...ce nodes for the current kernel.
[   14.818054] systemd[1]: Started Set console keymap.
[[0;32m  OK  [0m] Started Set console keymap.
[   14.827441] systemd[1]: Started Uncomplicated firewall.
[[0;32m  OK  [0m] Started Uncomplicated firewall.
[   14.867346] iscsi: registered transport (iser)
[   14.895747] systemd[1]: Started Remount Root and Kernel File Systems.
[[0;32m  OK  [0m] Started Remount Root and Kernel File Systems.
[   14.926690] systemd[1]: Started Load Kernel Modules.
[[0;32m  OK  [0m] Started Load Kernel Modules.
[   14.959323] systemd[1]: Started Nameserver information manager.
[[0;32m  OK  [0m] Started Nameserver information manager.
[   14.986162] systemd[1]: Started Journal Service.
[[0;32m  OK  [0m] Started Journal Service.
[[0;32m  OK  [0m] Started LVM2 metadata daemon.
         Starting Apply Kernel Variables...
         Mounting FUSE Control File System...
         Starting udev Coldplug all Devices...
         Starting Flush Journal to Persistent Storage...
         Starting Load/Save Random Seed...
         Starting Create Static Device Nodes in /dev...
[[0;32m  OK  [0m] Mounted FUSE Control File System.
[[0;32m  OK  [0m] Started Apply Kernel Variables.
[[0;32m  OK  [0m] Started Load/Save Random Seed.
[[0;32m  OK  [0m] Started Monitoring of LVM2 mirrors,...ng dmeventd or progress polling.
[[0;32m  OK  [0m] Started Flush Journal to Persistent Storage.
[[0;32m  OK  [0m] Started Create Static Device Nodes in /dev.
         Starting udev Kernel Device Manager...
[[0;32m  OK  [0m] Reached target Local File Systems (Pre).
[[0;32m  OK  [0m] Reached target Local File Systems.
         Starting Initial cloud-init job (pre-networking)...
         Starting Create Volatile Files and Directories...
         Starting Tell Plymouth To Write Out Runtime Data...
         Starting Set console font and keymap...
         Starting LSB: AppArmor initialization...
         Starting Commit a transient machine-id on disk...
[[0;32m  OK  [0m] Started Tell Plymouth To Write Out Runtime Data.
[[0;32m  OK  [0m] Started Commit a transient machine-id on disk.
[[0;32m  OK  [0m] Started Create Volatile Files and Directories.
         Starting Update UTMP about System Boot/Shutdown...
[[0;32m  OK  [0m] Started Update UTMP about System Boot/Shutdown.
[[0;32m  OK  [0m] Started udev Kernel Device Manager.
[[0;32m  OK  [0m] Started udev Coldplug all Devices.
[[0;32m  OK  [0m] Started Dispatch Password Requests to Console Directory Watch.
[[0;32m  OK  [0m] Found device /dev/ttyS0.
[[0;32m  OK  [0m] Listening on Load/Save RF Kill Switch Status /dev/rfkill Watch.
[[0;32m  OK  [0m] Started LSB: AppArmor initialization.
[[0;32m  OK  [0m] Started Set console font and keymap.
[[0;32m  OK  [0m] Created slice system-getty.slice.
[   22.695548] cloud-init[444]: Cloud-init v. 19.1-1-gbaa47854-0ubuntu1~16.04.1 running 'init-local' at Thu, 08 Aug 2019 17:11:23 +0000. Up 21.52 seconds.
[[0;32m  OK  [0m] Started Initial cloud-init job (pre-networking).
[[0;32m  OK  [0m] Reached target Network (Pre).
         Starting Raise network interfaces...
[[0;32m  OK  [0m] Started Raise network interfaces.
[[0;32m  OK  [0m] Reached target Network.
         Starting Initial cloud-init job (metadata service crawler)...
[   28.465331] cloud-init[941]: Cloud-init v. 19.1-1-gbaa47854-0ubuntu1~16.04.1 running 'init' at Thu, 08 Aug 2019 17:11:28 +0000. Up 25.70 seconds.
[   28.478037] cloud-init[941]: ci-info: ++++++++++++++++++++++++++++++++++++++Net device info++++++++++++++++++++++++++++++++++++++
[   28.492207] cloud-init[941]: ci-info: +--------+------+----------------------------+---------------+--------+-------------------+
[   28.506270] cloud-init[941]: ci-info: | Device |  Up  |          Address           |      Mask     | Scope  |     Hw-Address    |
[   28.511713] cloud-init[941]: ci-info: +--------+------+----------------------------+---------------+--------+-------------------+
[   28.521041] cloud-init[941]: ci-info: | enp0s3 | True |         10.0.2.15          | 255.255.255.0 | global | 02:1e:e5:6d:71:21 |
[   28.524289] cloud-init[941]: ci-info: | enp0s3 | True | fe80::1e:e5ff:fe6d:7121/64 |       .       |  link  | 02:1e:e5:6d:71:21 |
[   28.530776] cloud-init[941]: ci-info: |   lo   | True |         127.0.0.1          |   255.0.0.0   |  host  |         .         |
[   28.539999] cloud-init[941]: ci-info: |   lo   | True |          ::1/128           |       .       |  host  |         .         |
[   28.544230] cloud-init[941]: ci-info: +--------+------+----------------------------+---------------+--------+-------------------+
[   28.561162] cloud-init[941]: ci-info: +++++++++++++++++++++++++++Route IPv4 info++++++++++++++++++++++++++++
[   28.567558] cloud-init[941]: ci-info: +-------+-------------+----------+---------------+-----------+-------+
[   28.574895] cloud-init[941]: ci-info: | Route | Destination | Gateway  |    Genmask    | Interface | Flags |
[   28.582275] cloud-init[941]: ci-info: +-------+-------------+----------+---------------+-----------+-------+
[   28.589766] cloud-init[941]: ci-info: |   0   |   0.0.0.0   | 10.0.2.2 |    0.0.0.0    |   enp0s3  |   UG  |
[   28.599352] cloud-init[941]: ci-info: |   1   |   10.0.2.0  | 0.0.0.0  | 255.255.255.0 |   enp0s3  |   U   |
[   28.604715] cloud-init[941]: ci-info: +-------+-------------+----------+---------------+-----------+-------+
[   28.610923] cloud-init[941]: ci-info: +++++++++++++++++++Route IPv6 info+++++++++++++++++++
[   28.616879] cloud-init[941]: ci-info: +-------+-------------+---------+-----------+-------+
[   28.625049] cloud-init[941]: ci-info: | Route | Destination | Gateway | Interface | Flags |
[   28.628790] cloud-init[941]: ci-info: +-------+-------------+---------+-----------+-------+
[   28.636453] cloud-init[941]: ci-info: |   0   |  fe80::/64  |    ::   |   enp0s3  |   U   |
[   28.640310] cloud-init[941]: ci-info: |   4   |   ff00::/8  |    ::   |   enp0s3  |   U   |
[   28.644055] cloud-init[941]: ci-info: +-------+-------------+---------+-----------+-------+
[   28.650083] cloud-init[941]: Generating public/private rsa key pair.
[   28.654614] cloud-init[941]: Your identification has been saved in /etc/ssh/ssh_host_rsa_key.
[   28.658662] cloud-init[941]: Your public key has been saved in /etc/ssh/ssh_host_rsa_key.pub.
[   28.669267] cloud-init[941]: The key fingerprint is:
[   28.677236] cloud-init[941]: SHA256:kqBIB55NWnSXei+hvDA7U85XeWJD00rLsTv7DlekQdc root@ubuntu-xenial
[   28.683670] cloud-init[941]: The key's randomart image is:
[   28.688413] cloud-init[941]: +---[RSA 2048]----+
[   28.700971] cloud-init[941]: | ..+ . ..  . ..  |
[[0;32m  OK  [0m] Started Initial cloud-init job (metadata service crawler).
[   28.702148] cloud-init[941]: |. B . ..  . .  E |
[   28.709593] cloud-init[941]: | = o. .   .. .   |
[[0;32m  OK  [0m] Reached target Cloud-config availability.
[   28.710832] cloud-init[941]: |.... o + = .+    |
[[0;32m  OK  [0m] Reached target Network is Online.
[   28.714197] cloud-init[941]: |. . . = S B. .   |
[   28.744574] cloud-init[941]: |   o + o % ..    |
         Starting iSCSI initiator daemon (iscsid)...
[[0;32m  OK  [0m] Reached target System Initialization.[   28.751573] cloud-init[941]: |    B . +.=.     |
[   28.758836] cloud-init[941]: |   + + . oo      |
[[0;32m  OK  [0m] Started Daily Cleanup of Temporary Directories.

[   28.777177] cloud-init[941]: |    o .  .=o     |
[   28.779861] cloud-init[941]: +----[SHA256]-----+
[   28.788438] cloud-init[941]: Generating public/private dsa key pair.
[[0;32m  OK  [0m] Started Daily apt download activities.
[   28.789249] cloud-init[941]: Your identification has been saved in /etc/ssh/ssh_host_dsa_key.
[   28.807887] cloud-init[941]: Your public key has been saved in /etc/ssh/ssh_host_dsa_key.pub.
[[0;32m  OK  [0m] Started Daily apt upgrade and clean activities.
[   28.808503] cloud-init[941]: The key fingerprint is:
[   28.831305] cloud-init[941]: SHA256:ykqJNBnTK3w6uM6SwNb+YLPLpVuO+GQ0djR4+6+ZaSs root@ubuntu-xenial
[   28.834968] cloud-init[941]: The key's randomart image is:
         Starting LXD - unix socket.
[   28.836227] cloud-init[941]: +---[DSA 1024]----+
[   28.859086] cloud-init[941]: |                 |
[[0;32m  OK  [0m] Listening on D-Bus System Message Bus Socket.
[   28.859720] cloud-init[941]: |   ..            |
[   28.880454] cloud-init[941]: |  o..+           |
[   28.880891] cloud-init[941]: | . +o.o          |
         Starting Socket activation for snappy daemon.
[   28.881501] cloud-init[941]: |. B+oo  S        |
[   28.887021] cloud-init[941]: |.=oBoo..         |
[[0;32m  OK  [0m[   28.888266] cloud-init[941]: |+.=*ooo.         |
] Listening on UUID daemon activation socket.
[   28.888974] cloud-init[941]: |+.*+XE .=        |
[   28.893867] cloud-init[941]: |++.O=oo*o.       |
[[0;32m  OK  [0m] Reached target Timers.
[   28.894530] cloud-init[941]: +----[SHA256]-----+
[[0;32m  OK  [0m] Listening on ACPID Listen Socket.
[   28.897526] cloud-init[941]: Generating public/private ecdsa key pair.
[   28.962145] cloud-init[941]: Your identification has been saved in /etc/ssh/ssh_host_ecdsa_key.
[   28.966220] cloud-init[941]: Your public key has been saved in /etc/ssh/ssh_host_ecdsa_key.pub.
[   28.966472] cloud-init[941]: The key fingerprint is:
[   28.966706] cloud-init[941]: SHA256:JsQvt6NycQ8sVA52Aw1lwXQXM/Y87xcBuQ9Q5fFZSnI root@ubuntu-xenial
[   28.966997] cloud-init[941]: The key's randomart image is:
[   28.967236] cloud-init[941]: +---[ECDSA 256]---+
[   28.967472] cloud-init[941]: |      oB=.. O+Eo.|
[   28.967710] cloud-init[941]: |     .o.*. + Xo.=|
[   28.967956] cloud-init[941]: |     .o= .  . *+.|
[   28.968190] cloud-init[941]: |     ....    o o.|
[   28.968433] cloud-init[941]: |     .o.S     o..|
[[0;32m  OK  [0m] Started ACPI Events Check.
[   28.968672] cloud-init[941]: |      o=+.     o.|
[[0;32m  OK  [0m] Reached target Paths.
[   29.053080] cloud-init[941]: |       +oo      o|
[   29.054850] cloud-init[941]: |    . .. ..     .|
[   29.061763] cloud-init[941]: |     o.          |
[   29.065757] cloud-init[941]: +----[SHA256]-----+
[[0;32m  OK  [0m] Listening on LXD - unix socket.
[   29.084314] [[0;32m  OK  [0m] Listening on Socket activation for snappy daemon.
cloud-init[941]: Generating public/private ed25519 key pair.
[   29.092473] cloud-init[941]: Your identification has been saved in /etc/ssh/ssh_host_ed25519_key.
[   29.106855] cloud-init[941]: Your public key has been saved in /etc/ssh/ssh_host_ed25519_key.pub.
[   29.112287] cloud-init[941]: The key fingerprint is:
[   29.120559] [[0;32m  OK  [0m] Reached target Sockets.
cloud-init[941]: SHA256:9FSZ2abVAzOqFcgUsk7MJqjaMZ8NqZG6JR/skm8CUCI root@ubuntu-xenial
[[0;32m  OK  [0m] Reached target Basic System.
[   29.128900] cloud-init[941]: The key's randomart image is:
[   29.134386] cloud-init[941]: +--[ED25519 256]--+
[   29.152668] cloud-init[941]: |       .ooo..O.. |
[   29.156598]          cloud-initStarting Login Service...[941]: 
|E . . o oo .* *..|
         Starting Virtualbox guest utils...
[   29.161058] cloud-init[941]: |.o . . *. .o +  .|
[   29.176510] cloud-init[941]: |. .. .=. oo .    |
         Starting Accounts Service...
[   29.190449] cloud-init[941]: |..= o  .S..      |
[   29.210264] cloud-init[941]: |o+ * +           |
[   29.216724] cloud-init[941]: |=.* o .          |
         Starting LXD - container startup/shutdown...
[   29.232632] cloud-init[941]: |+*..             |
[[0;32m  OK  [0m] Started D-Bus System Message Bus.
[   29.267296] cloud-init[941]: |.=+              |
[   29.329044] cloud-init[941]: +----[SHA256]-----+
         Starting Pollinate to seed the pseudo random number generator...
[[0;32m  OK  [0m] Started Regular background program processing daemon.
         Starting /etc/rc.local Compatibility...
         Starting LSB: Record successful boot for GRUB...
         Starting LSB: MD monitoring daemon...
[[0;32m  OK  [0m] Started Deferred execution scheduler.
[[0;32m  OK  [0m] Started ACPI event daemon.
[[0;32m  OK  [0m] Started FUSE filesystem for LXC.
         Starting Snappy daemon...
         Starting System Logging Service...
[[0;32m  OK  [0m] Started /etc/rc.local Compatibility.
[[0;32m  OK  [0m] Started iSCSI initiator daemon (iscsid).
[[0;32m  OK  [0m] Started Login Service.
[[0;32m  OK  [0m] Started Unattended Upgrades Shutdown.
         Starting Authenticate and Authorize Users to Run Privileged Tasks...
         Starting Login to default iSCSI targets...
[[0;32m  OK  [0m] Started LSB: Record successful boot for GRUB.
[[0;32m  OK  [0m] Started LSB: MD monitoring daemon.
[[0;32m  OK  [0m] Started Login to default iSCSI targets.
[[0;32m  OK  [0m] Reached target Remote File Systems (Pre).
[[0;32m  OK  [0m] Reached target Remote File Systems.
         Starting LSB: automatic crash report generation...
         Starting LSB: Set the CPU Frequency Scaling governor to "ondemand"...
         Starting LSB: daemon to balance interrupts for SMP systems...
         Starting Permit User Sessions...
[[0;32m  OK  [0m] Started System Logging Service.
[[0;32m  OK  [0m] Started Authenticate and Authorize Users to Run Privileged Tasks.
[[0;32m  OK  [0m] Started Permit User Sessions.
[[0;32m  OK  [0m] Started Accounts Service.
         Starting Terminate Plymouth Boot Screen...
         Starting Hold until boot process finishes up...
[[0;32m  OK  [0m] Started Terminate Plymouth Boot Screen.
[[0;32m  OK  [0m] Started Hold until boot process finishes up.
         Starting Set console scheme...
[[0;32m  OK  [0m] Started Serial Getty on ttyS0.
[[0;32m  OK  [0m] Started Getty on tty1.
[[0;32m  OK  [0m] Reached target Login Prompts.
[[0;32m  OK  [0m] Started LXD - container startup/shutdown.
[[0;32m  OK  [0m] Started Set console scheme.
[[0;32m  OK  [0m] Started LSB: Set the CPU Frequency Scaling governor to "ondemand".
[[0;32m  OK  [0m] Started LSB: automatic crash report generation.
[[0;32m  OK  [0m] Started LSB: daemon to balance interrupts for SMP systems.
[[0;32m  OK  [0m] Started Virtualbox guest utils.
[[0;32m  OK  [0m] Started Snappy daemon.
         Starting Wait until snapd is fully seeded...
[[0;32m  OK  [0m] Started Pollinate to seed the pseudo random number generator.
         Starting OpenBSD Secure Shell server...
[[0;32m  OK  [0m] Started OpenBSD Secure Shell server.

Ubuntu 16.04.6 LTS ubuntu-xenial ttyS0

ubuntu-xenial login: [   47.014686] cloud-init[1343]: Generating locales (this might take a while)...
[   55.205984] cloud-init[1343]:   en_US.UTF-8... done
[   55.210602] cloud-init[1343]: Generation complete.
[   68.128595] cloud-init[1343]: Cloud-init v. 19.1-1-gbaa47854-0ubuntu1~16.04.1 running 'modules:config' at Thu, 08 Aug 2019 17:11:46 +0000. Up 44.32 seconds.
ci-info: no authorized ssh keys fingerprints found for user ubuntu.
<14>Aug  8 17:12:12 ec2: 
<14>Aug  8 17:12:12 ec2: #############################################################
<14>Aug  8 17:12:12 ec2: -----BEGIN SSH HOST KEY FINGERPRINTS-----
<14>Aug  8 17:12:12 ec2: 1024 SHA256:ykqJNBnTK3w6uM6SwNb+YLPLpVuO+GQ0djR4+6+ZaSs root@ubuntu-xenial (DSA)
<14>Aug  8 17:12:12 ec2: 256 SHA256:JsQvt6NycQ8sVA52Aw1lwXQXM/Y87xcBuQ9Q5fFZSnI root@ubuntu-xenial (ECDSA)
<14>Aug  8 17:12:12 ec2: 256 SHA256:9FSZ2abVAzOqFcgUsk7MJqjaMZ8NqZG6JR/skm8CUCI root@ubuntu-xenial (ED25519)
<14>Aug  8 17:12:12 ec2: 2048 SHA256:kqBIB55NWnSXei+hvDA7U85XeWJD00rLsTv7DlekQdc root@ubuntu-xenial (RSA)
<14>Aug  8 17:12:12 ec2: -----END SSH HOST KEY FINGERPRINTS-----
<14>Aug  8 17:12:12 ec2: #############################################################
-----BEGIN SSH HOST KEY KEYS-----
ecdsa-sha2-nistp256 AAAAE2VjZHNhLXNoYTItbmlzdHAyNTYAAAAIbmlzdHAyNTYAAABBBKrfJUIsL7pEPPdov+UTtMiJTuP1TLV0vnWESJRMg+NoX121oJdK1QVo0GivpQHCzt1jDOOZ/XEUqhMt9WIEnh8= root@ubuntu-xenial
ssh-ed25519 AAAAC3NzaC1lZDI1NTE5AAAAILFznLTu7MssaLSSgDqv1F1T0zpfke2iJXtfo9Ic+8Tg root@ubuntu-xenial
ssh-rsa AAAAB3NzaC1yc2EAAAADAQABAAABAQDNwVxfaJuIIVMBwgtFWVjGiOlbuf/ZR4RcINWjkRY/wqfwb7FZDkD4Rr6qXxsV5cEohqZIa4Lq3B811VZEFqtaOHPpO3lxdspwuq4S8Zuu2u2JUgrSvlV8QQFQwlpXusgkBhz3dHUEUvgWibh5CbYZkvF5y9RGyqGWAEcxsAfGYzEK9UbOUzzyU8WvknELMRJxj7BXklLnoaqiAEAmHsON6b8nTjzRtDHbWIyPm34BVQ2TntezsIbcspjTJkEnWi9md3RsuYvgxP/sOnB8CF9Z97cqXD7hQ1ggTFw4pDAaHzqIZ1fVzYM3bkR8CP5zhH+czh+45SxG5dO9cjt7YUGb root@ubuntu-xenial
-----END SSH HOST KEY KEYS-----
[   70.342976] cloud-init[1526]: Cloud-init v. 19.1-1-gbaa47854-0ubuntu1~16.04.1 running 'modules:final' at Thu, 08 Aug 2019 17:12:11 +0000. Up 69.32 seconds.
[   70.343752] cloud-init[1526]: ci-info: no authorized ssh keys fingerprints found for user ubuntu.
[   70.345812] cloud-init[1526]: Cloud-init v. 19.1-1-gbaa47854-0ubuntu1~16.04.1 finished at Thu, 08 Aug 2019 17:12:12 +0000. Datasource DataSourceNoCloud [seed=/dev/sdb][dsmode=net].  Up 70.31 seconds
